LIBNAUTY_2.5 {
global:
## nauty.h
labelorg;
nauty_kill_request;
alloc_error;
breakout;
cheapautom;
doref;
extra_autom;
extra_level;
isautom;
dispatch_graph;
itos;
fmperm;
fmptn;
longprune;
nauty;
maketargetcell;
nextelement;
orbjoin;
permset;
putstring;
refine;
refine1;
shortprune;
targetcell;
testcanlab;
updatecan;
writeperm;
nauty_freedyn;
nauty_check;
naugraph_check;
nautil_check;
nautil_freedyn;
naugraph_freedyn;
densenauty;
writegroupsize;
## nautinv.h
adjacencies;
adjtriang;
cellcliq;
cellfano;
cellfano2;
cellind;
cellquads;
cellquins;
celltrips;
cellstarts;
cliques;
distances;
getbigcells;
indsets;
nautinv_check;
nautinv_freedyn;
quadruples;
refinvar;
setnbhd;
triples;
twopaths;
## naurng.h
ran_init;
ran_nextran;
## nausparse.h
dispatch_sparse;
targetcell_sg;
cheapautom_sg;
isautom_sg;
refine_sg;
testcanlab_sg;
updatecan_sg;
testcanlab_tr;
comparelab_tr;
updatecan_tr;
init_sg;
nausparse_freedyn;
nausparse_check;
nauty_to_sg;
sg_to_nauty;
sortlists_sg;
aresame_sg;
put_sg;
copy_sg;
distvals;
sparsenauty;
adjacencies_sg;
distances_sg;
## naututil.h
complement;
converse;
converse_sg;
copycomment;
complement_sg;
countcells;
flushline;
fixit;
getint;
getint_sl;
hash;
hashgraph;
hashgraph_sg;
individualise;
listhash;
mathon;
mathon_sg;
naututil_check;
naututil_freedyn;
putcanon;
putcanon_sg;
putdegs;
putdegs_sg;
putdegseq;
putdegseq_sg;
putgraph;
putgraph_sg;
putmapping;
putorbits;
putorbitsplus;
putptn;
putquotient;
putquotient_sg;
putset;
putset_firstbold;
rangraph;
rangraph2;
rangraph2_sg;
ranreg_sg;
ranperm;
readgraph;
readgraph_sg;
readgraph_swg;
readinteger;
readinteger_sl;
readperm;
readptn;
readvperm;
readstring;
relabel;
relabel_sg;
sethash;
setinter;
setsize;
sublabel;
sublabel_sg;
subpartition;
unitptn;
## naugroup.h
freepermrec;
groupptr;
newpermrec;
groupautomproc;
grouplevelproc;
makecosetreps;
permcycles;
allgroup;
allgroup2;
allgroup3;
freegroup;
## schreier.h
freeschreier;
addpermutation;
findpermutation;
addgenerator;
condaddgenerator;
expandschreier;
getorbits;
getorbitsmin;
pruneset;
newgroup;
schreier_freedyn;
schreier_fails;
dumpschreier;
schreier_gens;
deleteunmarked;
grouporder;
schreier_check;
## traces.h
Traces;
refine_tr;
traces_freedyn;
## gtools.h
gtools_check;
opengraphfile;
writeline;
gtools_getline;
graphsize;
encodegraphsize;
stringcounts;
stringtograph;
stringtograph_inc;
edgecount;
checkgline;
readgg;
readg;
readgg_inc;
readg_inc;
ntog6;
ntos6;
ntod6;
sgtos6;
sgtog6;
sgtod6;
writeg6;
writed6;
writes6;
writeg6_sg;
writes6_sg;
writed6_sg;
ntois6;
writeis6;
writepc_sg;
stringtosparsegraph;
read_sg;
read_sg_loops;
read_sgg_loops;
readpc_sg;
readpcle_sg;
getecline;
writelast;
longval;
arg_int;
arg_long;
arg_range;
doublevalue;
arg_double;
arg_doublerange;
arg_sequence;
writerange;
gt_abort;
stringcopy;
strhaschar;
fcanonise;
fcanonise_inv;
fcanonise_inv_sg;
setlabptn;
fgroup;
fgroup_inv;
istransitive;
tg_canonise;
readg_code;
readg_line;
ogf_linelen;
is_pipe;
gt_numorbits;
## gutils.h
degstats;
degstats2;
diamstats;
find_dist;
find_dist2;
girth;
isbiconnected1;
isbiconnected;
isbipartite;
bipartiteside;
twocolouring;
isconnected1;
isconnected;
issubconnected;
maxcliques;
loopcount;
pathcount1;
cyclecount1;
cyclecount;
indpathcount1;
indcyclecount1;
indcyclecount;
commonnbrs;
contract1;
cstarcontent;
numtriangles1;
numtriangles;
numdirtriangles;
delete1;
conncontent;
stronglyconnected;

local: *;
};

LIBNAUTY_2.7 {
## gtools.h
arg_sequence_min;
## gutils.h
degstats3;
maxcliquesize;
maxindsetsize;
## nautycliquer.h
find_clique;
find_indset;
};
